Archive member included to satisfy reference by file (symbol)

c:/program files (x86)/atmel/studio/7.0/toolchain/avr8/avr8-gnu-toolchain/bin/../lib/gcc/avr/5.4.0/avrxmega7\libgcc.a(_exit.o)
                              C:/Program Files (x86)/Atmel/Studio/7.0/Packs/atmel/XMEGAA_DFP/1.1.68/gcc/dev/atxmega128a1u/avrxmega7/crtatxmega128a1u.o (exit)
c:/program files (x86)/atmel/studio/7.0/toolchain/avr8/avr8-gnu-toolchain/bin/../lib/gcc/avr/5.4.0/avrxmega7\libgcc.a(_copy_data.o)
                              mainUI.o (__do_copy_data)
c:/program files (x86)/atmel/studio/7.0/toolchain/avr8/avr8-gnu-toolchain/bin/../lib/gcc/avr/5.4.0/avrxmega7\libgcc.a(_clear_bss.o)
                              ledAnimation.o (__do_clear_bss)

Allocating common symbols
Common symbol       size              file

tasks               0x56              main.o
queue               0x1               main.o
line                0xa               mainUI.o
sizeAnimation       0x1               ledAnimation.o
Thread_Table        0x2               main.o
animation           0x14              ledAnimation.o
maxQueue            0x1               main.o
stackPointer        0x2               main.o

Discarded input sections

 .data          0x00000000        0x0 C:/Program Files (x86)/Atmel/Studio/7.0/Packs/atmel/XMEGAA_DFP/1.1.68/gcc/dev/atxmega128a1u/avrxmega7/crtatxmega128a1u.o
 .bss           0x00000000        0x0 C:/Program Files (x86)/Atmel/Studio/7.0/Packs/atmel/XMEGAA_DFP/1.1.68/gcc/dev/atxmega128a1u/avrxmega7/crtatxmega128a1u.o
 .data          0x00000000        0x0 clock.o
 .bss           0x00000000        0x0 clock.o
 .data          0x00000000        0x0 contextSwitch.o
 .bss           0x00000000        0x0 contextSwitch.o
 .data          0x00000000        0x0 forkASM.o
 .bss           0x00000000        0x0 forkASM.o
 .text          0x00000000        0x0 ledAnimation.o
 .data          0x00000000        0x0 ledAnimation.o
 .bss           0x00000000        0x0 ledAnimation.o
 .text          0x00000000        0x0 main.o
 .data          0x00000000        0x0 main.o
 .bss           0x00000000        0x0 main.o
 .text          0x00000000        0x0 mainUI.o
 .data          0x00000000        0x0 mainUI.o
 .bss           0x00000000        0x0 mainUI.o
 .data          0x00000000        0x0 repairContext.o
 .bss           0x00000000        0x0 repairContext.o
 .text          0x00000000        0x0 rgbFlash.o
 .data          0x00000000        0x0 rgbFlash.o
 .bss           0x00000000        0x0 rgbFlash.o
 .debug_line    0x00000000        0x0 rgbFlash.o
 .debug_str     0x00000000      0x10a rgbFlash.o
 .comment       0x00000000       0x31 rgbFlash.o
 .text          0x00000000        0x0 thread.o
 .data          0x00000000        0x0 thread.o
 .bss           0x00000000        0x0 thread.o
 .text          0x00000000        0x0 c:/program files (x86)/atmel/studio/7.0/toolchain/avr8/avr8-gnu-toolchain/bin/../lib/gcc/avr/5.4.0/avrxmega7\libgcc.a(_exit.o)
 .data          0x00000000        0x0 c:/program files (x86)/atmel/studio/7.0/toolchain/avr8/avr8-gnu-toolchain/bin/../lib/gcc/avr/5.4.0/avrxmega7\libgcc.a(_exit.o)
 .bss           0x00000000        0x0 c:/program files (x86)/atmel/studio/7.0/toolchain/avr8/avr8-gnu-toolchain/bin/../lib/gcc/avr/5.4.0/avrxmega7\libgcc.a(_exit.o)
 .text.libgcc.mul
                0x00000000        0x0 c:/program files (x86)/atmel/studio/7.0/toolchain/avr8/avr8-gnu-toolchain/bin/../lib/gcc/avr/5.4.0/avrxmega7\libgcc.a(_exit.o)
 .text.libgcc.div
                0x00000000        0x0 c:/program files (x86)/atmel/studio/7.0/toolchain/avr8/avr8-gnu-toolchain/bin/../lib/gcc/avr/5.4.0/avrxmega7\libgcc.a(_exit.o)
 .text.libgcc   0x00000000        0x0 c:/program files (x86)/atmel/studio/7.0/toolchain/avr8/avr8-gnu-toolchain/bin/../lib/gcc/avr/5.4.0/avrxmega7\libgcc.a(_exit.o)
 .text.libgcc.prologue
                0x00000000        0x0 c:/program files (x86)/atmel/studio/7.0/toolchain/avr8/avr8-gnu-toolchain/bin/../lib/gcc/avr/5.4.0/avrxmega7\libgcc.a(_exit.o)
 .text.libgcc.builtins
                0x00000000        0x0 c:/program files (x86)/atmel/studio/7.0/toolchain/avr8/avr8-gnu-toolchain/bin/../lib/gcc/avr/5.4.0/avrxmega7\libgcc.a(_exit.o)
 .text.libgcc.fmul
                0x00000000        0x0 c:/program files (x86)/atmel/studio/7.0/toolchain/avr8/avr8-gnu-toolchain/bin/../lib/gcc/avr/5.4.0/avrxmega7\libgcc.a(_exit.o)
 .text.libgcc.fixed
                0x00000000        0x0 c:/program files (x86)/atmel/studio/7.0/toolchain/avr8/avr8-gnu-toolchain/bin/../lib/gcc/avr/5.4.0/avrxmega7\libgcc.a(_exit.o)
 .text          0x00000000        0x0 c:/program files (x86)/atmel/studio/7.0/toolchain/avr8/avr8-gnu-toolchain/bin/../lib/gcc/avr/5.4.0/avrxmega7\libgcc.a(_copy_data.o)
 .data          0x00000000        0x0 c:/program files (x86)/atmel/studio/7.0/toolchain/avr8/avr8-gnu-toolchain/bin/../lib/gcc/avr/5.4.0/avrxmega7\libgcc.a(_copy_data.o)
 .bss           0x00000000        0x0 c:/program files (x86)/atmel/studio/7.0/toolchain/avr8/avr8-gnu-toolchain/bin/../lib/gcc/avr/5.4.0/avrxmega7\libgcc.a(_copy_data.o)
 .text.libgcc.mul
                0x00000000        0x0 c:/program files (x86)/atmel/studio/7.0/toolchain/avr8/avr8-gnu-toolchain/bin/../lib/gcc/avr/5.4.0/avrxmega7\libgcc.a(_copy_data.o)
 .text.libgcc.div
                0x00000000        0x0 c:/program files (x86)/atmel/studio/7.0/toolchain/avr8/avr8-gnu-toolchain/bin/../lib/gcc/avr/5.4.0/avrxmega7\libgcc.a(_copy_data.o)
 .text.libgcc   0x00000000        0x0 c:/program files (x86)/atmel/studio/7.0/toolchain/avr8/avr8-gnu-toolchain/bin/../lib/gcc/avr/5.4.0/avrxmega7\libgcc.a(_copy_data.o)
 .text.libgcc.prologue
                0x00000000        0x0 c:/program files (x86)/atmel/studio/7.0/toolchain/avr8/avr8-gnu-toolchain/bin/../lib/gcc/avr/5.4.0/avrxmega7\libgcc.a(_copy_data.o)
 .text.libgcc.builtins
                0x00000000        0x0 c:/program files (x86)/atmel/studio/7.0/toolchain/avr8/avr8-gnu-toolchain/bin/../lib/gcc/avr/5.4.0/avrxmega7\libgcc.a(_copy_data.o)
 .text.libgcc.fmul
                0x00000000        0x0 c:/program files (x86)/atmel/studio/7.0/toolchain/avr8/avr8-gnu-toolchain/bin/../lib/gcc/avr/5.4.0/avrxmega7\libgcc.a(_copy_data.o)
 .text.libgcc.fixed
                0x00000000        0x0 c:/program files (x86)/atmel/studio/7.0/toolchain/avr8/avr8-gnu-toolchain/bin/../lib/gcc/avr/5.4.0/avrxmega7\libgcc.a(_copy_data.o)
 .text          0x00000000        0x0 c:/program files (x86)/atmel/studio/7.0/toolchain/avr8/avr8-gnu-toolchain/bin/../lib/gcc/avr/5.4.0/avrxmega7\libgcc.a(_clear_bss.o)
 .data          0x00000000        0x0 c:/program files (x86)/atmel/studio/7.0/toolchain/avr8/avr8-gnu-toolchain/bin/../lib/gcc/avr/5.4.0/avrxmega7\libgcc.a(_clear_bss.o)
 .bss           0x00000000        0x0 c:/program files (x86)/atmel/studio/7.0/toolchain/avr8/avr8-gnu-toolchain/bin/../lib/gcc/avr/5.4.0/avrxmega7\libgcc.a(_clear_bss.o)
 .text.libgcc.mul
                0x00000000        0x0 c:/program files (x86)/atmel/studio/7.0/toolchain/avr8/avr8-gnu-toolchain/bin/../lib/gcc/avr/5.4.0/avrxmega7\libgcc.a(_clear_bss.o)
 .text.libgcc.div
                0x00000000        0x0 c:/program files (x86)/atmel/studio/7.0/toolchain/avr8/avr8-gnu-toolchain/bin/../lib/gcc/avr/5.4.0/avrxmega7\libgcc.a(_clear_bss.o)
 .text.libgcc   0x00000000        0x0 c:/program files (x86)/atmel/studio/7.0/toolchain/avr8/avr8-gnu-toolchain/bin/../lib/gcc/avr/5.4.0/avrxmega7\libgcc.a(_clear_bss.o)
 .text.libgcc.prologue
                0x00000000        0x0 c:/program files (x86)/atmel/studio/7.0/toolchain/avr8/avr8-gnu-toolchain/bin/../lib/gcc/avr/5.4.0/avrxmega7\libgcc.a(_clear_bss.o)
 .text.libgcc.builtins
                0x00000000        0x0 c:/program files (x86)/atmel/studio/7.0/toolchain/avr8/avr8-gnu-toolchain/bin/../lib/gcc/avr/5.4.0/avrxmega7\libgcc.a(_clear_bss.o)
 .text.libgcc.fmul
                0x00000000        0x0 c:/program files (x86)/atmel/studio/7.0/toolchain/avr8/avr8-gnu-toolchain/bin/../lib/gcc/avr/5.4.0/avrxmega7\libgcc.a(_clear_bss.o)
 .text.libgcc.fixed
                0x00000000        0x0 c:/program files (x86)/atmel/studio/7.0/toolchain/avr8/avr8-gnu-toolchain/bin/../lib/gcc/avr/5.4.0/avrxmega7\libgcc.a(_clear_bss.o)

Memory Configuration

Name             Origin             Length             Attributes
text             0x00000000         0x00100000         xr
data             0x00802000         0x0000ffa0         rw !x
eeprom           0x00810000         0x00010000         rw !x
fuse             0x00820000         0x00000006         rw !x
lock             0x00830000         0x00000400         rw !x
signature        0x00840000         0x00000400         rw !x
user_signatures  0x00850000         0x00000400         rw !x
*default*        0x00000000         0xffffffff

Linker script and memory map

LOAD C:/Program Files (x86)/Atmel/Studio/7.0/Packs/atmel/XMEGAA_DFP/1.1.68/gcc/dev/atxmega128a1u/avrxmega7/crtatxmega128a1u.o
LOAD clock.o
LOAD contextSwitch.o
LOAD forkASM.o
LOAD ledAnimation.o
LOAD main.o
LOAD mainUI.o
LOAD repairContext.o
LOAD rgbFlash.o
LOAD thread.o
START GROUP
LOAD c:/program files (x86)/atmel/studio/7.0/toolchain/avr8/avr8-gnu-toolchain/bin/../lib/gcc/avr/5.4.0/../../../../avr/lib/avrxmega7\libm.a
END GROUP
START GROUP
LOAD c:/program files (x86)/atmel/studio/7.0/toolchain/avr8/avr8-gnu-toolchain/bin/../lib/gcc/avr/5.4.0/avrxmega7\libgcc.a
LOAD c:/program files (x86)/atmel/studio/7.0/toolchain/avr8/avr8-gnu-toolchain/bin/../lib/gcc/avr/5.4.0/../../../../avr/lib/avrxmega7\libm.a
LOAD c:/program files (x86)/atmel/studio/7.0/toolchain/avr8/avr8-gnu-toolchain/bin/../lib/gcc/avr/5.4.0/../../../../avr/lib/avrxmega7\libc.a
LOAD C:/Program Files (x86)/Atmel/Studio/7.0/Packs/atmel/XMEGAA_DFP/1.1.68/gcc/dev/atxmega128a1u/avrxmega7\libatxmega128a1u.a
END GROUP
                0x00100000                __TEXT_REGION_LENGTH__ = DEFINED (__TEXT_REGION_LENGTH__)?__TEXT_REGION_LENGTH__:0x100000
                0x0000ffa0                __DATA_REGION_LENGTH__ = DEFINED (__DATA_REGION_LENGTH__)?__DATA_REGION_LENGTH__:0xffa0
                0x00010000                __EEPROM_REGION_LENGTH__ = DEFINED (__EEPROM_REGION_LENGTH__)?__EEPROM_REGION_LENGTH__:0x10000
                [0x00000006]                __FUSE_REGION_LENGTH__ = DEFINED (__FUSE_REGION_LENGTH__)?__FUSE_REGION_LENGTH__:0x400
                0x00000400                __LOCK_REGION_LENGTH__ = DEFINED (__LOCK_REGION_LENGTH__)?__LOCK_REGION_LENGTH__:0x400
                0x00000400                __SIGNATURE_REGION_LENGTH__ = DEFINED (__SIGNATURE_REGION_LENGTH__)?__SIGNATURE_REGION_LENGTH__:0x400
                0x00000400                __USER_SIGNATURE_REGION_LENGTH__ = DEFINED (__USER_SIGNATURE_REGION_LENGTH__)?__USER_SIGNATURE_REGION_LENGTH__:0x400

.hash
 *(.hash)

.dynsym
 *(.dynsym)

.dynstr
 *(.dynstr)

.gnu.version
 *(.gnu.version)

.gnu.version_d
 *(.gnu.version_d)

.gnu.version_r
 *(.gnu.version_r)

.rel.init
 *(.rel.init)

.rela.init
 *(.rela.init)

.rel.text
 *(.rel.text)
 *(.rel.text.*)
 *(.rel.gnu.linkonce.t*)

.rela.text
 *(.rela.text)
 *(.rela.text.*)
 *(.rela.gnu.linkonce.t*)

.rel.fini
 *(.rel.fini)

.rela.fini
 *(.rela.fini)

.rel.rodata
 *(.rel.rodata)
 *(.rel.rodata.*)
 *(.rel.gnu.linkonce.r*)

.rela.rodata
 *(.rela.rodata)
 *(.rela.rodata.*)
 *(.rela.gnu.linkonce.r*)

.rel.data
 *(.rel.data)
 *(.rel.data.*)
 *(.rel.gnu.linkonce.d*)

.rela.data
 *(.rela.data)
 *(.rela.data.*)
 *(.rela.gnu.linkonce.d*)

.rel.ctors
 *(.rel.ctors)

.rela.ctors
 *(.rela.ctors)

.rel.dtors
 *(.rel.dtors)

.rela.dtors
 *(.rela.dtors)

.rel.got
 *(.rel.got)

.rela.got
 *(.rela.got)

.rel.bss
 *(.rel.bss)

.rela.bss
 *(.rela.bss)

.rel.plt
 *(.rel.plt)

.rela.plt
 *(.rela.plt)

.text           0x00000000      0xcb6
 *(.vectors)
 .vectors       0x00000000      0x1fc C:/Program Files (x86)/Atmel/Studio/7.0/Packs/atmel/XMEGAA_DFP/1.1.68/gcc/dev/atxmega128a1u/avrxmega7/crtatxmega128a1u.o
                0x00000000                __vector_default
                0x00000000                __vectors
 *(.vectors)
 *(.progmem.gcc*)
                0x000001fc                . = ALIGN (0x2)
                0x000001fc                __trampolines_start = .
 *(.trampolines)
 .trampolines   0x000001fc        0x8 linker stubs
 *(.trampolines*)
                0x00000204                __trampolines_end = .
 *libprintf_flt.a:*(.progmem.data)
 *libc.a:*(.progmem.data)
 *(.progmem*)
                0x00000204                . = ALIGN (0x2)
 *(.jumptables)
 *(.jumptables*)
 *(.lowtext)
 *(.lowtext*)
                0x00000204                __ctors_start = .
 *(.ctors)
                0x00000204                __ctors_end = .
                0x00000204                __dtors_start = .
 *(.dtors)
                0x00000204                __dtors_end = .
 SORT(*)(.ctors)
 SORT(*)(.dtors)
 *(.init0)
 .init0         0x00000204        0x0 C:/Program Files (x86)/Atmel/Studio/7.0/Packs/atmel/XMEGAA_DFP/1.1.68/gcc/dev/atxmega128a1u/avrxmega7/crtatxmega128a1u.o
                0x00000204                __init
 *(.init0)
 *(.init1)
 *(.init1)
 *(.init2)
 .init2         0x00000204       0x18 C:/Program Files (x86)/Atmel/Studio/7.0/Packs/atmel/XMEGAA_DFP/1.1.68/gcc/dev/atxmega128a1u/avrxmega7/crtatxmega128a1u.o
 *(.init2)
 *(.init3)
 *(.init3)
 *(.init4)
 .init4         0x0000021c       0x1c c:/program files (x86)/atmel/studio/7.0/toolchain/avr8/avr8-gnu-toolchain/bin/../lib/gcc/avr/5.4.0/avrxmega7\libgcc.a(_copy_data.o)
                0x0000021c                __do_copy_data
 .init4         0x00000238       0x10 c:/program files (x86)/atmel/studio/7.0/toolchain/avr8/avr8-gnu-toolchain/bin/../lib/gcc/avr/5.4.0/avrxmega7\libgcc.a(_clear_bss.o)
                0x00000238                __do_clear_bss
 *(.init4)
 *(.init5)
 *(.init5)
 *(.init6)
 *(.init6)
 *(.init7)
 *(.init7)
 *(.init8)
 *(.init8)
 *(.init9)
 .init9         0x00000248        0x8 C:/Program Files (x86)/Atmel/Studio/7.0/Packs/atmel/XMEGAA_DFP/1.1.68/gcc/dev/atxmega128a1u/avrxmega7/crtatxmega128a1u.o
 *(.init9)
 *(.text)
 .text          0x00000250        0x4 C:/Program Files (x86)/Atmel/Studio/7.0/Packs/atmel/XMEGAA_DFP/1.1.68/gcc/dev/atxmega128a1u/avrxmega7/crtatxmega128a1u.o
                0x00000250                __vector_38
                0x00000250                __vector_104
                0x00000250                __vector_22
                0x00000250                __vector_63
                0x00000250                __vector_28
                0x00000250                __vector_67
                0x00000250                __vector_1
                0x00000250                __vector_119
                0x00000250                __vector_32
                0x00000250                __vector_75
                0x00000250                __vector_71
                0x00000250                __vector_91
                0x00000250                __vector_34
                0x00000250                __vector_62
                0x00000250                __vector_77
                0x00000250                __vector_102
                0x00000250                __vector_24
                0x00000250                __vector_12
                0x00000250                __vector_55
                0x00000250                __vector_69
                0x00000250                __vector_81
                0x00000250                __vector_90
                0x00000250                __vector_46
                0x00000250                __bad_interrupt
                0x00000250                __vector_122
                0x00000250                __vector_72
                0x00000250                __vector_6
                0x00000250                __vector_110
                0x00000250                __vector_31
                0x00000250                __vector_92
                0x00000250                __vector_35
                0x00000250                __vector_78
                0x00000250                __vector_74
                0x00000250                __vector_117
                0x00000250                __vector_39
                0x00000250                __vector_107
                0x00000250                __vector_3
                0x00000250                __vector_105
                0x00000250                __vector_98
                0x00000250                __vector_23
                0x00000250                __vector_68
                0x00000250                __vector_30
                0x00000250                __vector_73
                0x00000250                __vector_45
                0x00000250                __vector_25
                0x00000250                __vector_93
                0x00000250                __vector_61
                0x00000250                __vector_11
                0x00000250                __vector_54
                0x00000250                __vector_99
                0x00000250                __vector_13
                0x00000250                __vector_17
                0x00000250                __vector_19
                0x00000250                __vector_56
                0x00000250                __vector_7
                0x00000250                __vector_125
                0x00000250                __vector_49
                0x00000250                __vector_123
                0x00000250                __vector_41
                0x00000250                __vector_86
                0x00000250                __vector_100
                0x00000250                __vector_101
                0x00000250                __vector_64
                0x00000250                __vector_109
                0x00000250                __vector_43
                0x00000250                __vector_27
                0x00000250                __vector_5
                0x00000250                __vector_113
                0x00000250                __vector_33
                0x00000250                __vector_76
                0x00000250                __vector_115
                0x00000250                __vector_47
                0x00000250                __vector_52
                0x00000250                __vector_37
                0x00000250                __vector_95
                0x00000250                __vector_103
                0x00000250                __vector_96
                0x00000250                __vector_89
                0x00000250                __vector_4
                0x00000250                __vector_44
                0x00000250                __vector_82
                0x00000250                __vector_106
                0x00000250                __vector_118
                0x00000250                __vector_51
                0x00000250                __vector_9
                0x00000250                __vector_2
                0x00000250                __vector_21
                0x00000250                __vector_15
                0x00000250                __vector_66
                0x00000250                __vector_36
                0x00000250                __vector_79
                0x00000250                __vector_58
                0x00000250                __vector_70
                0x00000250                __vector_83
                0x00000250                __vector_29
                0x00000250                __vector_60
                0x00000250                __vector_121
                0x00000250                __vector_40
                0x00000250                __vector_85
                0x00000250                __vector_94
                0x00000250                __vector_126
                0x00000250                __vector_8
                0x00000250                __vector_26
                0x00000250                __vector_48
                0x00000250                __vector_124
                0x00000250                __vector_116
                0x00000250                __vector_112
                0x00000250                __vector_111
                0x00000250                __vector_80
                0x00000250                __vector_14
                0x00000250                __vector_84
                0x00000250                __vector_57
                0x00000250                __vector_53
                0x00000250                __vector_10
                0x00000250                __vector_50
                0x00000250                __vector_16
                0x00000250                __vector_59
                0x00000250                __vector_18
                0x00000250                __vector_97
                0x00000250                __vector_20
                0x00000250                __vector_42
                0x00000250                __vector_87
                0x00000250                __vector_65
                0x00000250                __vector_120
 .text          0x00000254       0x2c clock.o
                0x00000254                Clock_init
 .text          0x00000280      0x11a contextSwitch.o
                0x00000280                Context_Switch
 .text          0x0000039a       0xa4 forkASM.o
                0x0000039a                Fork_asm
 .text          0x0000043e       0x5e repairContext.o
                0x0000043e                Repair_asm
                0x0000049c                . = ALIGN (0x2)
 *(.text.*)
 .text.IO_Init  0x0000049c       0x38 ledAnimation.o
                0x0000049c                IO_Init
 .text.TC_Init  0x000004d4       0x40 ledAnimation.o
                0x000004d4                TC_Init
 .text.Delay_1ms
                0x00000514       0x42 ledAnimation.o
                0x00000514                Delay_1ms
 .text.Frame_Rate
                0x00000556       0x42 ledAnimation.o
                0x00000556                Frame_Rate
 .text.Edit_Mode
                0x00000598       0x9e ledAnimation.o
                0x00000598                Edit_Mode
 .text.Play_Mode
                0x00000636       0x52 ledAnimation.o
                0x00000636                Play_Mode
 .text.Main_LED
                0x00000688       0x20 ledAnimation.o
                0x00000688                Main_LED
 .text.main     0x000006a8       0x2e main.o
                0x000006a8                main
 .text.Usart_Init
                0x000006d6       0x60 mainUI.o
                0x000006d6                Usart_Init
 .text.Usart_Print
                0x00000736       0x70 mainUI.o
                0x00000736                Usart_Print
 .text.LineFeed
                0x000007a6       0x50 mainUI.o
                0x000007a6                LineFeed
 .text.U_In_Prompt
                0x000007f6       0x1c mainUI.o
                0x000007f6                U_In_Prompt
 .text.Help_Prompt
                0x00000812       0x24 mainUI.o
                0x00000812                Help_Prompt
 .text.Init_Prompt
                0x00000836       0x28 mainUI.o
                0x00000836                Init_Prompt
 .text.Main_UI  0x0000085e       0x74 mainUI.o
                0x0000085e                Main_UI
 .text.__vector_88
                0x000008d2       0xc8 mainUI.o
                0x000008d2                __vector_88
 .text.System_Init
                0x0000099a       0x28 thread.o
                0x0000099a                System_Init
 .text.Init_Thread_Timer
                0x000009c2       0x3c thread.o
                0x000009c2                Init_Thread_Timer
 .text.Fork     0x000009fe       0xda thread.o
                0x000009fe                Fork
 .text.__vector_108
                0x00000ad8      0x106 thread.o
                0x00000ad8                __vector_108
 .text.__vector_114
                0x00000bde       0xd4 thread.o
                0x00000bde                __vector_114
                0x00000cb2                . = ALIGN (0x2)
 *(.fini9)
 .fini9         0x00000cb2        0x0 c:/program files (x86)/atmel/studio/7.0/toolchain/avr8/avr8-gnu-toolchain/bin/../lib/gcc/avr/5.4.0/avrxmega7\libgcc.a(_exit.o)
                0x00000cb2                _exit
                0x00000cb2                exit
 *(.fini9)
 *(.fini8)
 *(.fini8)
 *(.fini7)
 *(.fini7)
 *(.fini6)
 *(.fini6)
 *(.fini5)
 *(.fini5)
 *(.fini4)
 *(.fini4)
 *(.fini3)
 *(.fini3)
 *(.fini2)
 *(.fini2)
 *(.fini1)
 *(.fini1)
 *(.fini0)
 .fini0         0x00000cb2        0x4 c:/program files (x86)/atmel/studio/7.0/toolchain/avr8/avr8-gnu-toolchain/bin/../lib/gcc/avr/5.4.0/avrxmega7\libgcc.a(_exit.o)
 *(.fini0)
                0x00000cb6                _etext = .

.data           0x00802000       0x56 load address 0x00000cb6
                0x00802000                PROVIDE (__data_start, .)
 *(.data)
 *(.data*)
 .data.Init_Prompt_str
                0x00802000       0x15 mainUI.o
                0x00802000                Init_Prompt_str
 .data.U_In_Prompt_str
                0x00802015       0x17 mainUI.o
                0x00802015                U_In_Prompt_str
 .data.Help_Prompt_str
                0x0080202c       0x2a mainUI.o
                0x0080202c                Help_Prompt_str
 *(.gnu.linkonce.d*)
 *(.rodata)
 *(.rodata*)
 *(.gnu.linkonce.r*)
                0x00802056                . = ALIGN (0x2)
                0x00802056                _edata = .
                0x00802056                PROVIDE (__data_end, .)

.bss            0x00802056       0x7d
                0x00802056                PROVIDE (__bss_start, .)
 *(.bss)
 *(.bss*)
 .bss.command_Flag
                0x00802056        0x1 mainUI.o
                0x00802056                command_Flag
 .bss.lineCnt   0x00802057        0x1 mainUI.o
                0x00802057                lineCnt
 *(COMMON)
 COMMON         0x00802058       0x15 ledAnimation.o
                0x00802058                sizeAnimation
                0x00802059                animation
 COMMON         0x0080206d       0x5c main.o
                0x0080206d                tasks
                0x008020c3                queue
                0x008020c4                Thread_Table
                0x008020c6                maxQueue
                0x008020c7                stackPointer
 COMMON         0x008020c9        0xa mainUI.o
                0x008020c9                line
                0x008020d3                PROVIDE (__bss_end, .)
                0x00000cb6                __data_load_start = LOADADDR (.data)
                0x00000d0c                __data_load_end = (__data_load_start + SIZEOF (.data))

.noinit         0x008020d3        0x0
                [!provide]                PROVIDE (__noinit_start, .)
 *(.noinit*)
                [!provide]                PROVIDE (__noinit_end, .)
                0x008020d3                _end = .
                [!provide]                PROVIDE (__heap_start, .)

.eeprom         0x00810000        0x0
 *(.eeprom*)
                0x00810000                __eeprom_end = .

.fuse
 *(.fuse)
 *(.lfuse)
 *(.hfuse)
 *(.efuse)

.lock
 *(.lock*)

.signature
 *(.signature*)

.user_signatures
 *(.user_signatures*)

.stab
 *(.stab)

.stabstr
 *(.stabstr)

.stab.excl
 *(.stab.excl)

.stab.exclstr
 *(.stab.exclstr)

.stab.index
 *(.stab.index)

.stab.indexstr
 *(.stab.indexstr)

.comment        0x00000000       0x30
 *(.comment)
 .comment       0x00000000       0x30 ledAnimation.o
                                 0x31 (size before relaxing)
 .comment       0x00000030       0x31 main.o
 .comment       0x00000030       0x31 mainUI.o
 .comment       0x00000030       0x31 thread.o

.note.gnu.avr.deviceinfo
                0x00000000       0x40
 .note.gnu.avr.deviceinfo
                0x00000000       0x40 C:/Program Files (x86)/Atmel/Studio/7.0/Packs/atmel/XMEGAA_DFP/1.1.68/gcc/dev/atxmega128a1u/avrxmega7/crtatxmega128a1u.o

.note.gnu.build-id
 *(.note.gnu.build-id)

.debug
 *(.debug)

.line
 *(.line)

.debug_srcinfo
 *(.debug_srcinfo)

.debug_sfnames
 *(.debug_sfnames)

.debug_aranges  0x00000000      0x188
 *(.debug_aranges)
 .debug_aranges
                0x00000000       0x20 clock.o
 .debug_aranges
                0x00000020       0x20 contextSwitch.o
 .debug_aranges
                0x00000040       0x20 forkASM.o
 .debug_aranges
                0x00000060       0x50 ledAnimation.o
 .debug_aranges
                0x000000b0       0x20 main.o
 .debug_aranges
                0x000000d0       0x58 mainUI.o
 .debug_aranges
                0x00000128       0x20 repairContext.o
 .debug_aranges
                0x00000148       0x40 thread.o

.debug_pubnames
 *(.debug_pubnames)

.debug_info     0x00000000     0x633a
 *(.debug_info .gnu.linkonce.wi.*)
 .debug_info    0x00000000     0x3e5a C:/Program Files (x86)/Atmel/Studio/7.0/Packs/atmel/XMEGAA_DFP/1.1.68/gcc/dev/atxmega128a1u/avrxmega7/crtatxmega128a1u.o
 .debug_info    0x00003e5a       0x77 clock.o
 .debug_info    0x00003ed1       0x7f contextSwitch.o
 .debug_info    0x00003f50       0x79 forkASM.o
 .debug_info    0x00003fc9      0xe15 ledAnimation.o
 .debug_info    0x00004dde      0x165 main.o
 .debug_info    0x00004f43      0x4f8 mainUI.o
 .debug_info    0x0000543b       0x7f repairContext.o
 .debug_info    0x000054ba      0xe80 thread.o

.debug_abbrev   0x00000000     0x4041
 *(.debug_abbrev)
 .debug_abbrev  0x00000000     0x3b0e C:/Program Files (x86)/Atmel/Studio/7.0/Packs/atmel/XMEGAA_DFP/1.1.68/gcc/dev/atxmega128a1u/avrxmega7/crtatxmega128a1u.o
 .debug_abbrev  0x00003b0e       0x14 clock.o
 .debug_abbrev  0x00003b22       0x14 contextSwitch.o
 .debug_abbrev  0x00003b36       0x14 forkASM.o
 .debug_abbrev  0x00003b4a      0x154 ledAnimation.o
 .debug_abbrev  0x00003c9e       0x94 main.o
 .debug_abbrev  0x00003d32      0x170 mainUI.o
 .debug_abbrev  0x00003ea2       0x14 repairContext.o
 .debug_abbrev  0x00003eb6      0x18b thread.o

.debug_line     0x00000000     0x1406
 *(.debug_line .debug_line.* .debug_line_end)
 .debug_line    0x00000000      0x3b5 C:/Program Files (x86)/Atmel/Studio/7.0/Packs/atmel/XMEGAA_DFP/1.1.68/gcc/dev/atxmega128a1u/avrxmega7/crtatxmega128a1u.o
 .debug_line    0x000003b5       0x94 clock.o
 .debug_line    0x00000449      0x36c contextSwitch.o
 .debug_line    0x000007b5      0x222 forkASM.o
 .debug_line    0x000009d7      0x29e ledAnimation.o
 .debug_line    0x00000c75       0xd5 main.o
 .debug_line    0x00000d4a      0x343 mainUI.o
 .debug_line    0x0000108d      0x156 repairContext.o
 .debug_line    0x000011e3      0x223 thread.o

.debug_frame    0x00000000      0x3a4
 *(.debug_frame)
 .debug_frame   0x00000000       0xf4 ledAnimation.o
 .debug_frame   0x000000f4       0x34 main.o
 .debug_frame   0x00000128      0x138 mainUI.o
 .debug_frame   0x00000260      0x144 thread.o

.debug_str      0x00000000     0x348f
 *(.debug_str)
 .debug_str     0x00000000     0x2969 C:/Program Files (x86)/Atmel/Studio/7.0/Packs/atmel/XMEGAA_DFP/1.1.68/gcc/dev/atxmega128a1u/avrxmega7/crtatxmega128a1u.o
 .debug_str     0x00002969      0x6b8 ledAnimation.o
                                0x6f8 (size before relaxing)
 .debug_str     0x00003021       0x68 main.o
                                0x1e9 (size before relaxing)
 .debug_str     0x00003089      0x2ab mainUI.o
                                0x50a (size before relaxing)
 .debug_str     0x00003334      0x15b thread.o
                                0x7a8 (size before relaxing)

.debug_loc      0x00000000      0x6ec
 *(.debug_loc)
 .debug_loc     0x00000000      0x1aa ledAnimation.o
 .debug_loc     0x000001aa       0x3b main.o
 .debug_loc     0x000001e5      0x24d mainUI.o
 .debug_loc     0x00000432      0x2ba thread.o

.debug_macinfo
 *(.debug_macinfo)

.debug_weaknames
 *(.debug_weaknames)

.debug_funcnames
 *(.debug_funcnames)

.debug_typenames
 *(.debug_typenames)

.debug_varnames
 *(.debug_varnames)

.debug_pubtypes
 *(.debug_pubtypes)

.debug_ranges   0x00000000       0xc8
 *(.debug_ranges)
 .debug_ranges  0x00000000       0x40 ledAnimation.o
 .debug_ranges  0x00000040       0x10 main.o
 .debug_ranges  0x00000050       0x48 mainUI.o
 .debug_ranges  0x00000098       0x30 thread.o

.debug_macro
 *(.debug_macro)
OUTPUT(Threading.elf elf32-avr)
LOAD linker stubs
